// Jest Snapshot v1, https://goo.gl/fbAQLP

exports[`BaseHorizontalSlider component test should swap position when touch the screen. 1`] = `
"<section class=\\"
      grid
      items-center
      justify-center
      h-full
      grid-cols-1
      lg:grid-cols-slider
    \\"><span class=\\"
        left-0
        hidden
        cursor-pointer
        duration-450
        h-1/2
        top-1/4
        lg:block
        hover:duration-150
        text-true-gray-500
        hover:text-black
      \\"><svg width=\\"58.667\\" height=\\"101.033\\" viewBox=\\"0 0 58.667 101.033\\"><g transform=\\"matrix(0.999, 0.035, -0.035, 0.999, -520.017, -852.706)\\"><line x1=\\"34.075\\" y2=\\"39\\" transform=\\"translate(563.5 844.5)\\" fill=\\"none\\" stroke-linecap=\\"round\\" stroke-width=\\"15\\"></line><line x1=\\"34.075\\" y1=\\"39\\" transform=\\"translate(563.5 883.5)\\" fill=\\"none\\" stroke-linecap=\\"round\\" stroke-width=\\"15\\"></line></g></svg></span>
  <div class=\\"relative
        flex
        justify-start
        w-4/5
        h-full
        mx-auto
        overflow-hidden
        lg:w-full\\"><span style=\\"height: 100%; position: absolute; display: flex; justify-content: center; align-items: center; width: 0px; opacity: 1; transform: translateX(0px) ;\\"><div style=\\"width: 100px;\\" class=\\"test\\">Test</div></span><span style=\\"height: 100%; position: absolute; display: flex; justify-content: center; align-items: center; width: 0px; opacity: 0; transform: translateX(0px) ;\\"><div style=\\"width: 100px;\\">Test</div></span><span style=\\"height: 100%; position: absolute; display: flex; justify-content: center; align-items: center; width: 0px; transform: translateX(0px) ; opacity: 0;\\"><div style=\\"width: 100px;\\">Test</div></span><span style=\\"height: 100%; position: absolute; display: flex; justify-content: center; align-items: center; width: 0px; transform: translateX(0px) ; opacity: 0;\\"><div style=\\"width: 100px;\\">Test</div></span><span style=\\"height: 100%; position: absolute; display: flex; justify-content: center; align-items: center; width: 0px; transform: translateX(0px) ; opacity: 0;\\"><div style=\\"width: 100px;\\">Test</div></span></div><span class=\\"
        right-0
        hidden
        transform
        rotate-180
        cursor-pointer
        duration-450
        h-1/2
        top-1/4
        lg:block
        hover:duration-150
        text-true-gray-500
        hover:text-black
      \\"><svg width=\\"58.667\\" height=\\"101.033\\" viewBox=\\"0 0 58.667 101.033\\"><g transform=\\"matrix(0.999, 0.035, -0.035, 0.999, -520.017, -852.706)\\"><line x1=\\"34.075\\" y2=\\"39\\" transform=\\"translate(563.5 844.5)\\" fill=\\"none\\" stroke-linecap=\\"round\\" stroke-width=\\"15\\"></line><line x1=\\"34.075\\" y1=\\"39\\" transform=\\"translate(563.5 883.5)\\" fill=\\"none\\" stroke-linecap=\\"round\\" stroke-width=\\"15\\"></line></g></svg></span>
</section>"
`;
