// Jest Snapshot v1, https://goo.gl/fbAQLP

exports[`TheButtonLinkExternal component test should render the default component 1`] = `"<a href=\\"https://test.com\\"></a>"`;
