// Jest Snapshot v1, https://goo.gl/fbAQLP

exports[`TheButtonLinkInternal component test should render the default component 1`] = `"<a aria-current=\\"page\\" href=\\"/\\" class=\\"router-link-active router-link-exact-active duration-450 hover:duration-150 teste teste\\"></a>"`;
