// Jest Snapshot v1, https://goo.gl/fbAQLP

exports[`TheFiltersContainer component test should render the default component 1`] = `"<section></section>"`;
