// Jest Snapshot v1, https://goo.gl/fbAQLP

exports[`TheMain component test should render the default component. 1`] = `"<main class=\\"min-h-screen\\"></main>"`;
