// Jest Snapshot v1, https://goo.gl/fbAQLP

exports[`TheFooterContainer component test should render the default component 1`] = `
"<article class=\\"container grid grid-cols-1 mx-auto md:grid-cols-2 lg:grid-cols-3 xl:grid-cols-4 gap-x-7 gap-y-12\\">
  <div> SLOT </div>
</article>"
`;
