// Jest Snapshot v1, https://goo.gl/fbAQLP

exports[`TheHeaderNav component test should render the default component 1`] = `"<nav class=\\"flex justify-between gap-1\\"></nav>"`;
