// Jest Snapshot v1, https://goo.gl/fbAQLP

exports[`TheHeader suit test should render the component with this default state 1`] = `
"<header class=\\"
      fixed
      z-50
      flex
      justify-between
      w-full
      h-10
      px-3
      py-2
      transition
      lg:h-16
      duration-450
      lg:px-5
      lg:py-3
    \\">
  <the-header-nav-mobile-stub></the-header-nav-mobile-stub>
</header>"
`;
