// Jest Snapshot v1, https://goo.gl/fbAQLP

exports[`TheContainerGridLoader component test should render the default component 1`] = `"<the-search-not-found-stub></the-search-not-found-stub>"`;
