// Jest Snapshot v1, https://goo.gl/fbAQLP

exports[`TheContainerLoader component test should render the default component 1`] = `"<div></div>"`;
